waiting for server to start.... done
server started
{"verifiedOwnPostgresPid": 217144, "dataDirectory": "/home/nate/Oxy/.agent-evidence/clarity-registry-pg-30rpuvoz/data", "port": 5615, "liveAccess": false}
$ bun src/db/migrate.ts "--target-database=clarity_ci" "--phase=all"
Could not ensure the "vector" extension: extension "vector" is not available
It is required because 1024-dimensional document chunk embeddings and HNSW indexes
Locally and in CI this means the image the database runs from must ship it (for example, postgis/postgis in place of a bare postgres image, for PostGIS). On a managed database, a role with sufficient privilege must run `CREATE EXTENSION` once; after that this step is a no-op for the migration role.
error: script "db:migrate" exited with code 1
waiting for server to shut down.... done
server stopped
{"ownedPostgresStopped": true, "pidAbsent": true, "record": "/home/nate/Oxy/.agent-evidence/clarity-registry-pg-30rpuvoz"}
Traceback (most recent call last):
  File "/home/nate/Oxy/.agent-evidence/i04-consumer-final-prs/registry-Clarity-20261004/owned-pg.py", line 61, in <module>
    main()
    ~~~~^^
  File "/home/nate/Oxy/.agent-evidence/i04-consumer-final-prs/registry-Clarity-20261004/owned-pg.py", line 51, in main
    run(['bun', 'run', 'db:migrate', '--', '--target-database=clarity_ci', '--phase=all'], cwd=ROOT / 'packages/backend')
    ~~~^^^^^^^^^^^^^^^^^^^^^^^^^^^^^^^^^^^^^^^^^^^^^^^^^^^^^^^^^^^^^^^^^^^^^^^^^^^^^^^^^^^^^^^^^^^^^^^^^^^^^^^^^^^^^^^^^^
  File "/home/nate/Oxy/.agent-evidence/i04-consumer-final-prs/registry-Clarity-20261004/owned-pg.py", line 22, in run
    return subprocess.run([str(x) for x in argv], env=env, text=True, check=True, **kw)
           ~~~~~~~~~~~~~~^^^^^^^^^^^^^^^^^^^^^^^^^^^^^^^^^^^^^^^^^^^^^^^^^^^^^^^^^^^^^^
  File "/usr/lib/python3.13/subprocess.py", line 577, in run
    raise CalledProcessError(retcode, process.args,
                             output=stdout, stderr=stderr)
subprocess.CalledProcessError: Command '['bun', 'run', 'db:migrate', '--', '--target-database=clarity_ci', '--phase=all']' returned non-zero exit status 1.
