$ bun run --filter @clarity/shared-types build && bun run --filter @clarity/frontend build
@clarity/shared-types build: Exited with code 0
@clarity/frontend prebuild: $ bun scripts/generate-sitemap.ts
@clarity/frontend prebuild: 🗺️  Generating sitemap.xml for Clarity...
@clarity/frontend prebuild: ✅ Sitemap generated: /home/nate/Oxy/Clarity/.worktrees/1519-i11-billing-product-selection/packages/frontend/public/sitemap.xml
@clarity/frontend prebuild:
@clarity/frontend prebuild: 📊 Total URLs in sitemap: 8
@clarity/frontend prebuild: 🎉 Sitemap generated successfully!
@clarity/frontend prebuild: Exited with code 0
@clarity/frontend build: › Reading Expo settings from (if any):
@clarity/frontend build:   /home/nate/Oxy/Clarity/.worktrees/1519-i11-billing-product-selection/packages/frontend/app.json
@clarity/frontend build:   Expo project with metro bundler detected
@clarity/frontend build:
@clarity/frontend build: › Copying 'canvaskit.wasm' file to public folder:
@clarity/frontend build:   /home/nate/Oxy/Clarity/.worktrees/1519-i11-billing-product-selection/packages/frontend/public/canvaskit.wasm
@clarity/frontend build:
@clarity/frontend build: › Success! You are almost there:
@clarity/frontend build: › To load React Native Skia Web,
@clarity/frontend build: follow these instructions: https://shopify.github.io/react-native-skia/docs/getting-started/web
@clarity/frontend build: Expo Autolinking module resolution enabled
@clarity/frontend build: Starting Metro Bundler
@clarity/frontend build:
@clarity/frontend build: | (node:3156639) Warning: The 'NO_COLOR' env is ignored due to the 'FORCE_COLOR' env being set.
@clarity/frontend build: | (Use `node --trace-warnings ...` to show where the warning was created)
@clarity/frontend build: | (node:3156639) Warning: The 'NO_COLOR' env is ignored due to the 'FORCE_COLOR' env being set.
@clarity/frontend build: | (Use `node --trace-warnings ...` to show where the warning was created)
@clarity/frontend build: | (node:3156639) Warning: The 'NO_COLOR' env is ignored due to the 'FORCE_COLOR' env being set.
@clarity/frontend build: | (Use `node --trace-warnings ...` to show where the warning was created)
@clarity/frontend build: | (node:3156639) Warning: The 'NO_COLOR' env is ignored due to the 'FORCE_COLOR' env being set.
@clarity/frontend build: | (Use `node --trace-warnings ...` to show where the warning was created)
@clarity/frontend build: | (node:3156639) Warning: The 'NO_COLOR' env is ignored due to the 'FORCE_COLOR' env being set.
@clarity/frontend build: | (Use `node --trace-warnings ...` to show where the warning was created)
@clarity/frontend build: | (node:3156639) Warning: The 'NO_COLOR' env is ignored due to the 'FORCE_COLOR' env being set.
@clarity/frontend build: | (Use `node --trace-warnings ...` to show where the warning was created)
@clarity/frontend build: | (node:3156639) Warning: The 'NO_COLOR' env is ignored due to the 'FORCE_COLOR' env being set.
@clarity/frontend build: | (Use `node --trace-warnings ...` to show where the warning was created)
@clarity/frontend build: | (node:3156639) Warning: The 'NO_COLOR' env is ignored due to the 'FORCE_COLOR' env being set.
@clarity/frontend build: | (Use `node --trace-warnings ...` to show where the warning was created)
@clarity/frontend build: | (node:3156639) Warning: The 'NO_COLOR' env is ignored due to the 'FORCE_COLOR' env being set.
@clarity/frontend build: | (Use `node --trace-warnings ...` to show where the warning was created)
@clarity/frontend build: | (node:3156639) Warning: The 'NO_COLOR' env is ignored due to the 'FORCE_COLOR' env being set.
@clarity/frontend build: | (Use `node --trace-warnings ...` to show where the warning was created)
@clarity/frontend build: | (node:3156639) Warning: The 'NO_COLOR' env is ignored due to the 'FORCE_COLOR' env being set.
@clarity/frontend build: | (Use `node --trace-warnings ...` to show where the warning was created)
@clarity/frontend build: | (node:3156639) Warning: The 'NO_COLOR' env is ignored due to the 'FORCE_COLOR' env being set.
@clarity/frontend build: | (Use `node --trace-warnings ...` to show where the warning was created)
@clarity/frontend build: | (node:3156639) Warning: The 'NO_COLOR' env is ignored due to the 'FORCE_COLOR' env being set.
@clarity/frontend build: | (Use `node --trace-warnings ...` to show where the warning was created)
@clarity/frontend build: | (node:3156639) Warning: The 'NO_COLOR' env is ignored due to the 'FORCE_COLOR' env being set.
@clarity/frontend build: | (Use `node --trace-warnings ...` to show where the warning was created)
@clarity/frontend build: | (node:3156639) Warning: The 'NO_COLOR' env is ignored due to the 'FORCE_COLOR' env being set.
@clarity/frontend build: | (Use `node --trace-warnings ...` to show where the warning was created)
@clarity/frontend build: | (node:3156639) Warning: The 'NO_COLOR' env is ignored due to the 'FORCE_COLOR' env being set.
@clarity/frontend build: | (Use `node --trace-warnings ...` to show where the warning was created)
@clarity/frontend build: | (node:3156639) Warning: The 'NO_COLOR' env is ignored due to the 'FORCE_COLOR' env being set.
@clarity/frontend build: | (Use `node --trace-warnings ...` to show where the warning was created)
@clarity/frontend build:  WARN  Attempted to import the module "/home/nate/Oxy/Clarity/.worktrees/1519-i11-billing-product-selection/node_modules/@noble/hashes/crypto.js" which is not listed in the "exports" of "/home/nate/Oxy/Clarity/.worktrees/1519-i11-billing-product-selection/node_modules/@noble/hashes" under the requested subpath "./crypto.js". Falling back to file-based resolution. Consider updating the call site or asking the package maintainer(s) to expose this API.
@clarity/frontend build: Web Bundled 14551ms packages/frontend/index.web.tsx (5415 modules)
@clarity/frontend build: Could not parse Expo config: android.googleServicesFile: "./google-services.json"
@clarity/frontend build:
@clarity/frontend build: › Assets (32):
@clarity/frontend build: ../../node_modules/@expo/vector-icons/build/vendor/react-native-vector-icons/Fonts/FontAwesome.b06871f281fee6b241d60582ae9369b9.ttf (166KB)
@clarity/frontend build: ../../node_modules/@oxy.so/bloom/lib/module/fonts/assets/BlomusModernus-Bold.c8e4c906b137ccc90f9aa1fbccbe85b2.woff2 (78KB)
@clarity/frontend build: ../../node_modules/@oxy.so/bloom/lib/module/fonts/assets/BlomusModernus-Regular.6a898c26aeb50e6f31189d06dd2bf3e9.woff2 (78KB)
@clarity/frontend build: ../../node_modules/@oxy.so/bloom/lib/module/fonts/assets/InterVariable.260c81a4759baf163c025001c4f27872.woff2 (48KB)
@clarity/frontend build: ../../node_modules/@oxy.so/bloom/lib/module/fonts/assets/JetBrainsMono-Variable.b058178d7f309414f8f856b99fd80d9b.woff2 (40KB)
@clarity/frontend build: ../../node_modules/@oxy.so/services/lib/module/assets/fonts/icons/OxyServicesIonicons.930a091af14aeac2241f681cd63d57ab.ttf (43KB)
@clarity/frontend build: ../../node_modules/@oxy.so/services/lib/module/assets/fonts/icons/OxyServicesMaterialCommunityIcons.22b8c698c28fa272091f734b8e71f577.ttf (29KB)
@clarity/frontend build: ../../node_modules/@oxy.so/services/lib/module/assets/signIn/slide-1.b29a38b76e9e9e426cc152c3a1a56a73.jpg (102KB)
@clarity/frontend build: ../../node_modules/@oxy.so/services/lib/module/assets/signIn/slide-2.045f767e731a6b2801ce1ea8dbda92f5.jpg (88KB)
@clarity/frontend build: ../../node_modules/@oxy.so/services/lib/module/assets/signIn/slide-3.32a001447e68adf690be104bddcce0ef.jpg (59KB)
@clarity/frontend build: ../../node_modules/@oxy.so/services/lib/module/assets/signIn/slide-4.1de81f0781c3c99c5615d0ec8eb5dee6.jpg (47KB)
@clarity/frontend build: ../../node_modules/expo-router/assets/arrow_down.017bc6ba3fc25503e5eb5e53826d48a8.png (9.5KB)
@clarity/frontend build: ../../node_modules/expo-router/assets/error.d1ea1496f9057eb392d5bbf3732a61b7.png (469B)
@clarity/frontend build: ../../node_modules/expo-router/assets/file.19eeb73b9593a38f8e9f418337fc7d10.png (138B)
@clarity/frontend build: ../../node_modules/expo-router/assets/forward.d8b800c443b8972542883e0b9de2bdc6.png (188B)
@clarity/frontend build: ../../node_modules/expo-router/assets/pkg.ab19f4cbc543357183a20571f68380a3.png (364B)
@clarity/frontend build: ../../node_modules/expo-router/assets/react-navigation/elements/back-icon-mask.0a328cd9c1afd0afe8e3b1ec5165b1b4.png (653B)
@clarity/frontend build: ../../node_modules/expo-router/assets/react-navigation/elements/back-icon.35ba0eaec5a4f5ed12ca16fabeae451d.png (207B)
@clarity/frontend build: ../../node_modules/expo-router/assets/react-navigation/elements/clear-icon.c94f6478e7ae0cdd9f15de1fcb9e5e55.png (4 variations | 425B)
@clarity/frontend build: ../../node_modules/expo-router/assets/react-navigation/elements/close-icon.808e1b1b9b53114ec2838071a7e6daa7.png (4 variations | 235B)
@clarity/frontend build: ../../node_modules/expo-router/assets/react-navigation/elements/search-icon.286d67d3f74808a60a78d3ebf1a5fb57.png (928B)
@clarity/frontend build: ../../node_modules/expo-router/assets/sitemap.412dd9275b6b48ad28f5e3d81bb1f626.png (465B)
@clarity/frontend build: ../../node_modules/expo-router/assets/unmatched.20e71bdf79e3a97bf55fd9e164041578.png (4.8KB)
@clarity/frontend build: assets/fonts/Inter-Italic-VariableFont_opsz,wght.6dce17792107f0321537c2f1e9f12866.ttf (905KB)
@clarity/frontend build: assets/fonts/Inter-VariableFont_opsz,wght.0a77e23a8fdbe6caefd53cb04c26fabc.ttf (875KB)
@clarity/frontend build: assets/fonts/SpaceMono-Regular.49a79d66bdea2debf1832bf4d7aca127.ttf (93KB)
@clarity/frontend build:
@clarity/frontend build: › web bundles (58):
@clarity/frontend build: _expo/static/css/global-cea39364340deef2e762ed5d7e1fd6d2.css (85KB)
@clarity/frontend build: _expo/static/js/web/__common-accc019bf5d5c9a9b207417ba86951a7.js (70KB)
@clarity/frontend build: _expo/static/js/web/__expo-metro-runtime-1f8f5d3ca6b7f58204d51e14506d73fb.js (3.8KB)
@clarity/frontend build: _expo/static/js/web/AccountMembersScreen-d0f81142d557220e4a3e5fc92ce283b6.js (10KB)
@clarity/frontend build: _expo/static/js/web/AccountSettingsScreen-79448e9e71a838f40cdb1ab16210ee75.js (6KB)
@clarity/frontend build: _expo/static/js/web/AccountVerificationScreen-277e075323856905a9a3bf2738eaeca1.js (4.9KB)
@clarity/frontend build: _expo/static/js/web/AppInfoScreen-8c818343d324e02854a46d2b09ba768c.js (12KB)
@clarity/frontend build: _expo/static/js/web/ar-SA-07ea033b27113b5def406d4a8fd03c9b.js (35KB)
@clarity/frontend build: _expo/static/js/web/AvatarCropScreen-802a7beff5e824b415c2eeee956b6706.js (21KB)
@clarity/frontend build: _expo/static/js/web/ca-ES-c65dc9df8065860bb9eca66fdb090d4f.js (13KB)
@clarity/frontend build: _expo/static/js/web/ChangeAvatarScreen-6514f4304b6627dce5f16894c39ac8e4.js (4.3KB)
@clarity/frontend build: _expo/static/js/web/ConnectedAppsScreen-e0b1b95b56de305844fb8848e0bc6fab.js (3.1KB)
@clarity/frontend build: _expo/static/js/web/CreateAccountScreen-49f0adf113bfe7f347e2c0f62ba19cda.js (7.5KB)
@clarity/frontend build: _expo/static/js/web/de-DE-f3abbba214fc9dfd682cd56a0fa60737.js (14KB)
@clarity/frontend build: _expo/static/js/web/DeleteAccountScreen-47e2849b3b7cf4b6efc26804c0692651.js (352B)
@clarity/frontend build: _expo/static/js/web/DomainsScreen-5bf09e2abbaddd19d4f967dbd264b80b.js (4.4KB)
@clarity/frontend build: _expo/static/js/web/EditProfileFieldScreen-3bbe6a5523ada236651f0f3a226c2a47.js (15KB)
@clarity/frontend build: _expo/static/js/web/EditProfileScreen-888d6cbc4b864167359971a5995fac09.js (3.5KB)
@clarity/frontend build: _expo/static/js/web/es-ES-ce29000c08c04e0ee0228ff905f91e85.js (67KB)
@clarity/frontend build: _expo/static/js/web/FileManagementScreen-8ef1ab666b28dfd20c087de594e04a75.js (65KB)
@clarity/frontend build: _expo/static/js/web/FollowersListScreen-5a3aff26b4907c9da3eaf681ea4f0da0.js (301B)
@clarity/frontend build: _expo/static/js/web/FollowingListScreen-4021ee8ccd9a994171321046c51b6283.js (301B)
@clarity/frontend build: _expo/static/js/web/fr-FR-ed28996ba4b7d55554c2b487788e1a9e.js (14KB)
@clarity/frontend build: _expo/static/js/web/HelpSupportScreen-8f69b5171881890823b2909154399530.js (2.9KB)
@clarity/frontend build: _expo/static/js/web/HistoryViewScreen-a02d6e424a4bacc9bd68ffc47d0bf3ac.js (3.9KB)
@clarity/frontend build: _expo/static/js/web/index-323eb4aa5bc7e8c174104d2a4deb7a22.js (8MB)
@clarity/frontend build: _expo/static/js/web/index-bb37799f7887744979510a85f01c15dd.js (13KB)
@clarity/frontend build: _expo/static/js/web/index-efec4f11770859567a6fc6ff45ea65f5.js (12KB)
@clarity/frontend build: _expo/static/js/web/internal-26e1f25798f337af5207e1f33fa259a8.js (2.3KB)
@clarity/frontend build: _expo/static/js/web/it-IT-8a7f76c03773905637e3ae5d21e65186.js (13KB)
@clarity/frontend build: _expo/static/js/web/ja-JP-95fb7422334edeaf4e4c170a5d17090c.js (26KB)
@clarity/frontend build: _expo/static/js/web/ko-KR-ac6bafca7894ee7e31e9504d43078b2e.js (21KB)
@clarity/frontend build: _expo/static/js/web/LanguageSelectorScreen-74da3a937e23d4d1b968249a3756dd36.js (3.6KB)
@clarity/frontend build: _expo/static/js/web/LearnMoreUsernamesScreen-44144937cb120f01b712b842dca04542.js (2.5KB)
@clarity/frontend build: _expo/static/js/web/LegalDocumentsScreen-b5be045998b24b99cd927d016ddc1d7e.js (4.4KB)
@clarity/frontend build: _expo/static/js/web/LinkCommonsScreen-740ad6c061fe6ba9ef59901c214dd1de.js (317B)
@clarity/frontend build: _expo/static/js/web/ManageAccountScreen-df691bb93cd05c143944105d5020e1aa.js (22KB)
@clarity/frontend build: _expo/static/js/web/NotificationsScreen-b43d805916c6bcef1bf6c23435bdf275.js (3.2KB)
@clarity/frontend build: _expo/static/js/web/OxyAccountDialogScreen-fe443aacd460268292490a9f6db4e7c3.js (42KB)
@clarity/frontend build: _expo/static/js/web/PaymentGatewayScreen-661c4c46db64d5efab9f780786f9cc15.js (29KB)
@clarity/frontend build: _expo/static/js/web/PreferencesScreen-113100cfeda571e0ac607a114dfc0faa.js (3.4KB)
@clarity/frontend build: _expo/static/js/web/PrivacySettingsScreen-bd07ea0e7d88a786d7fecb23a0eb1519.js (12KB)
@clarity/frontend build: _expo/static/js/web/ProfileScreen-c8e10f747a0d94437b93ed0805def9c7.js (8.3KB)
@clarity/frontend build: _expo/static/js/web/pt-PT-bfae2acf59c7288e2fae67be14b2863e.js (14KB)
@clarity/frontend build: _expo/static/js/web/SearchSettingsScreen-9cbf515eb1c5bc0ca152d86855f9e9d9.js (2.5KB)
@clarity/frontend build: _expo/static/js/web/SecureStore-d9e99ab1845a374a39937f4862196a5c.js (2.4KB)
@clarity/frontend build: _expo/static/js/web/SignInAuthenticatorScreen-17d5f6f7e62ef5cba179545a335c2453.js (319B)
@clarity/frontend build: _expo/static/js/web/SignInPasswordScreen-93030800e2f3017af65c14f7429cd6d3.js (359B)
@clarity/frontend build: _expo/static/js/web/TrustAboutScreen-c83913e7b89455379bce7705b953b8c6.js (2.6KB)
@clarity/frontend build: _expo/static/js/web/TrustCenterScreen-e9e98e877296dc9ebf470bfb0e3bdf73.js (4.4KB)
@clarity/frontend build: _expo/static/js/web/TrustFAQScreen-68377c070e6c9d3af8882e56945b90fe.js (1.8KB)
@clarity/frontend build: _expo/static/js/web/TrustLeaderboardScreen-762b298bef7ff9e9c502e13a3aba85da.js (4.3KB)
@clarity/frontend build: _expo/static/js/web/TrustRewardsScreen-595e4af8415fe8f012d1a79f63b2252e.js (9.4KB)
@clarity/frontend build: _expo/static/js/web/TrustRulesScreen-a6313f2b83f386fcea93c9ded89f3f41.js (2.2KB)
@clarity/frontend build: _expo/static/js/web/UserLinksScreen-eef84e8ec2ad2b564b4c9b4ffc3c4e5f.js (1.1KB)
@clarity/frontend build: _expo/static/js/web/WebBrowser-686b934f3db5b694e7d3c31405d2c1c7.js (8.3KB)
@clarity/frontend build: _expo/static/js/web/WelcomeNewUserScreen-1c2ce002db5ada55bc5d7d300afc2899.js (8.7KB)
@clarity/frontend build: _expo/static/js/web/zh-CN-d2dbcc41772fdb08c64cb4bd4be84474.js (18KB)
@clarity/frontend build:
@clarity/frontend build: › Files (3):
@clarity/frontend build: favicon.ico (15KB)
@clarity/frontend build: index.html (1.6KB)
@clarity/frontend build: metadata.json (49B)
@clarity/frontend build:
@clarity/frontend build: Exported: dist
@clarity/frontend build: Exited with code 0
